API Key (obfuscated): AIzaS...zBrfw
Error Message: 503 UNAVAILABLE. {'error': {'code': 503, 'message': 'This model is currently experiencing high demand. Spikes in demand are usually temporary. Please try again later.', 'status': 'UNAVAILABLE'}}
Traceback:
Traceback (most recent call last):
  File "C:\Users\Nana Kwesi\Desktop\COOKS\backend\utils\predictor.py", line 54, in predict_disease_and_prescription
    response = client.models.generate_content(
  File "C:\Users\Nana Kwesi\Desktop\COOKS\backend\venv\lib\site-packages\google\genai\models.py", line 6276, in generate_content
    response = self._generate_content(
  File "C:\Users\Nana Kwesi\Desktop\COOKS\backend\venv\lib\site-packages\google\genai\models.py", line 4730, in _generate_content
    response = self._api_client.request(
  File "C:\Users\Nana Kwesi\Desktop\COOKS\backend\venv\lib\site-packages\google\genai\_api_client.py", line 1537, in request
    response = self._request(http_request, http_options, stream=False)
  File "C:\Users\Nana Kwesi\Desktop\COOKS\backend\venv\lib\site-packages\google\genai\_api_client.py", line 1332, in _request
    return self._retry(self._request_once, http_request, stream)  # type: ignore[no-any-return]
  File "C:\Users\Nana Kwesi\Desktop\COOKS\backend\venv\lib\site-packages\tenacity\__init__.py", line 470, in __call__
    do = self.iter(retry_state=retry_state)
  File "C:\Users\Nana Kwesi\Desktop\COOKS\backend\venv\lib\site-packages\tenacity\__init__.py", line 371, in iter
    result = action(retry_state)
  File "C:\Users\Nana Kwesi\Desktop\COOKS\backend\venv\lib\site-packages\tenacity\__init__.py", line 413, in exc_check
    raise retry_exc.reraise()
  File "C:\Users\Nana Kwesi\Desktop\COOKS\backend\venv\lib\site-packages\tenacity\__init__.py", line 184, in reraise
    raise self.last_attempt.result()
  File "C:\Users\Nana Kwesi\AppData\Local\Programs\Python\Python310\lib\concurrent\futures\_base.py", line 451, in result
    return self.__get_result()
  File "C:\Users\Nana Kwesi\AppData\Local\Programs\Python\Python310\lib\concurrent\futures\_base.py", line 403, in __get_result
    raise self._exception
  File "C:\Users\Nana Kwesi\Desktop\COOKS\backend\venv\lib\site-packages\tenacity\__init__.py", line 473, in __call__
    result = fn(*args, **kwargs)
  File "C:\Users\Nana Kwesi\Desktop\COOKS\backend\venv\lib\site-packages\google\genai\_api_client.py", line 1309, in _request_once
    errors.APIError.raise_for_response(response)
  File "C:\Users\Nana Kwesi\Desktop\COOKS\backend\venv\lib\site-packages\google\genai\errors.py", line 155, in raise_for_response
    cls.raise_error(response.status_code, response_json, response)
  File "C:\Users\Nana Kwesi\Desktop\COOKS\backend\venv\lib\site-packages\google\genai\errors.py", line 186, in raise_error
    raise ServerError(status_code, response_json, response)
google.genai.errors.ServerError: 503 UNAVAILABLE. {'error': {'code': 503, 'message': 'This model is currently experiencing high demand. Spikes in demand are usually temporary. Please try again later.', 'status': 'UNAVAILABLE'}}

